// Jest Snapshot v1, https://goo.gl/fbAQLP

exports[`Random phone number Generator should render correctly in "debug" mode 1`] = `
<div
  className="App"
>
  <header
    className="App-header"
  >
    <p>
      Phone Number Generator
    </p>
  </header>
  <div
    className="app-body"
  >
    <form
      className="container"
    >
      <Button
        className="button"
        disabled={false}
        onClick={[Function]}
        text="Generate Phone numbers"
        type="button"
      />
      <div>
        <select
          className="selectBox"
          onChange={[Function]}
          value="select"
        >
          <option
            value="select"
          >
            Select order
          </option>
          <option
            value="ascending"
          >
            Ascending order
          </option>
          <option
            value="descending"
          >
            Descending order
          </option>
        </select>
      </div>
      <InputBox
        className="number-box"
        name="limit"
        onChange={[Function]}
        placeholder="Enter a limit here..."
        type="text"
      />
      <div
        className="error-message"
        style={
          Object {
            "display": "none",
          }
        }
      >
        <span />
      </div>
      <div
        className="maxMin-instance"
      >
        <label
          className="max-num"
        >
          Max number: 0
        </label>
        <label
          className="min-num"
        >
          Min number: 0
        </label>
      </div>
    </form>
    <div
      className="number-table"
    >
      <div
        className="scroll"
      >
        <table>
          <tbody>
            <tr>
              <th>
                S/N
              </th>
              <th>
                Phone number
              </th>
            </tr>
          </tbody>
        </table>
      </div>
      <Button
        className="button downloadButton"
        text="Download"
        type="submit"
      />
    </div>
  </div>
  <footer>
    © 
    2019
     
    <a
      href="https://github.com/d-beloved"
    >
      d-beloved
    </a>
  </footer>
</div>
`;
